2024-12-16 01:35:53.076196 - admin@host - ls
2024-12-16 01:35:53.076500 - admin@host - cd docs
2024-12-16 01:35:53.076705 - admin@host - ls
2024-12-16 01:35:53.076939 - admin@host - cd ..
2024-12-16 01:35:53.077109 - admin@host - wc README.md
2024-12-16 01:35:53.083304 - admin@host - cd src
2024-12-16 01:35:53.083574 - admin@host - du script.py
2024-12-16 01:35:53.083818 - admin@host - history
2024-12-16 01:36:29.024963 - admin@host - ws
2024-12-16 01:36:47.065693 - admin@host - c
2024-12-16 01:36:53.366242 - admin@host - wc
2024-12-16 01:37:08.236784 - admin@host - history
2024-12-16 01:37:14.477422 - admin@host - du
2024-12-16 01:37:20.516210 - admin@host - exit
2024-12-16 01:38:41.281188 - admin@host - ls
2024-12-16 01:38:41.289990 - admin@host - cd docs
2024-12-16 01:38:41.290192 - admin@host - ls
2024-12-16 01:38:41.290427 - admin@host - cd ..
2024-12-16 01:38:41.290595 - admin@host - wc README.md
2024-12-16 01:38:41.291525 - admin@host - cd src
2024-12-16 01:38:41.291724 - admin@host - du script.py
2024-12-16 01:38:41.291920 - admin@host - history
2024-12-16 01:38:51.836332 - admin@host - wc
2024-12-16 01:39:14.207401 - admin@host - history
2024-12-16 01:39:26.753155 - admin@host - du
2024-12-16 01:40:55.023584 - admin@host - wc
2024-12-16 01:40:59.749695 - admin@host - ws
2024-12-16 01:41:01.381108 - admin@host - c
2024-12-16 01:41:02.070983 - admin@host - s
2024-12-16 01:41:02.729886 - admin@host - ws
2024-12-16 01:41:03.463222 - admin@host - ws
2024-12-16 01:41:03.832424 - admin@host - 
2024-12-16 01:41:04.093428 - admin@host - wef
2024-12-16 01:41:04.457617 - admin@host - 
2024-12-16 01:41:05.683471 - admin@host - etrg
